------------------------------------------------------------
TimeQuest Timing Analyzer Summary
------------------------------------------------------------

Type  : Slow 1200mV 85C Model Setup 'temporizador:inst37|contador[0]'
Slack : -136.737
TNS   : -212991.656

Type  : Slow 1200mV 85C Model Setup 'clock'
Slack : -1.979
TNS   : -32.526

Type  : Slow 1200mV 85C Model Hold 'clock'
Slack : 0.260
TNS   : 0.000

Type  : Slow 1200mV 85C Model Hold 'temporizador:inst37|contador[0]'
Slack : 0.404
TNS   : 0.000

Type  : Slow 1200mV 85C Model Minimum Pulse Width 'clock'
Slack : -3.000
TNS   : -36.410

Type  : Slow 1200mV 85C Model Minimum Pulse Width 'temporizador:inst37|contador[0]'
Slack : -1.285
TNS   : -2072.705

Type  : Slow 1200mV 0C Model Setup 'temporizador:inst37|contador[0]'
Slack : -123.331
TNS   : -192005.189

Type  : Slow 1200mV 0C Model Setup 'clock'
Slack : -1.641
TNS   : -26.307

Type  : Slow 1200mV 0C Model Hold 'clock'
Slack : 0.200
TNS   : 0.000

Type  : Slow 1200mV 0C Model Hold 'temporizador:inst37|contador[0]'
Slack : 0.355
TNS   : 0.000

Type  : Slow 1200mV 0C Model Minimum Pulse Width 'clock'
Slack : -3.000
TNS   : -36.410

Type  : Slow 1200mV 0C Model Minimum Pulse Width 'temporizador:inst37|contador[0]'
Slack : -1.285
TNS   : -2072.705

Type  : Fast 1200mV 0C Model Setup 'temporizador:inst37|contador[0]'
Slack : -67.332
TNS   : -104774.075

Type  : Fast 1200mV 0C Model Setup 'clock'
Slack : -0.719
TNS   : -9.385

Type  : Fast 1200mV 0C Model Hold 'clock'
Slack : 0.055
TNS   : 0.000

Type  : Fast 1200mV 0C Model Hold 'temporizador:inst37|contador[0]'
Slack : 0.179
TNS   : 0.000

Type  : Fast 1200mV 0C Model Minimum Pulse Width 'clock'
Slack : -3.000
TNS   : -29.923

Type  : Fast 1200mV 0C Model Minimum Pulse Width 'temporizador:inst37|contador[0]'
Slack : -1.000
TNS   : -1613.000

------------------------------------------------------------
