------------------------------------------------------------
TimeQuest Timing Analyzer Summary
------------------------------------------------------------

Type  : Setup 'temporizador:inst4|contador[5]'
Slack : -174.344
TNS   : -958784.055

Type  : Setup 'lcdlab3:inst26|LCD_Display:u1|CLK_400HZ'
Slack : -12.655
TNS   : -136.815

Type  : Setup 'clock'
Slack : -3.328
TNS   : -147.891

Type  : Hold 'clock'
Slack : -2.872
TNS   : -5.689

Type  : Hold 'lcdlab3:inst26|LCD_Display:u1|CLK_400HZ'
Slack : 0.403
TNS   : 0.000

Type  : Hold 'temporizador:inst4|contador[5]'
Slack : 1.249
TNS   : 0.000

Type  : Recovery 'temporizador:inst4|contador[5]'
Slack : -5.429
TNS   : -493.555

Type  : Recovery 'lcdlab3:inst26|LCD_Display:u1|CLK_400HZ'
Slack : -3.286
TNS   : -42.711

Type  : Recovery 'clock'
Slack : -3.173
TNS   : -66.623

Type  : Removal 'clock'
Slack : 3.556
TNS   : 0.000

Type  : Removal 'lcdlab3:inst26|LCD_Display:u1|CLK_400HZ'
Slack : 3.591
TNS   : 0.000

Type  : Removal 'temporizador:inst4|contador[5]'
Slack : 5.636
TNS   : 0.000

Type  : Minimum Pulse Width 'clock'
Slack : -3.000
TNS   : -100.660

Type  : Minimum Pulse Width 'temporizador:inst4|contador[5]'
Slack : -1.285
TNS   : -7559.655

Type  : Minimum Pulse Width 'lcdlab3:inst26|LCD_Display:u1|CLK_400HZ'
Slack : -1.285
TNS   : -48.830

------------------------------------------------------------
